#-----------------------------------------------------------
# Vivado v2023.2.1 (64-bit)
# SW Build 4081461 on Thu Dec 14 12:24:51 MST 2023
# IP Build 4080415 on Thu Dec 14 21:01:57 MST 2023
# SharedData Build 4077621 on Mon Dec 11 00:23:44 MST 2023
# Start of session at: Fri Feb  2 19:41:11 2024
# Process ID: 36988
# Current directory: C:/Users/User1/Documents/Work/FPGA_UART_Demo/Nexys-A7-100T-UART
# Command line: vivado.exe -gui_launcher_event rodinguilauncherevent31992 C:\Users\User1\Documents\Work\FPGA_UART_Demo\Nexys-A7-100T-UART\UART_Demo.xpr
# Log file: C:/Users/User1/Documents/Work/FPGA_UART_Demo/Nexys-A7-100T-UART/vivado.log
# Journal file: C:/Users/User1/Documents/Work/FPGA_UART_Demo/Nexys-A7-100T-UART\vivado.jou
# Running On: TWLAB-B, OS: Windows, CPU Frequency: 3000 MHz, CPU Physical cores: 8, Host memory: 17111 MB
#-----------------------------------------------------------
start_gui
open_project C:/Users/User1/Documents/Work/FPGA_UART_Demo/Nexys-A7-100T-UART/UART_Demo.xpr
